
Running 1 test using 1 worker

🧪 Testing basic poem workflow...
✅ Poem generated successfully
✅ Image generation completed
  ✘  1 [chromium] › tests/e2e/poem-workflow-comprehensive.spec.ts:19:7 › Poem Workflow - Comprehensive E2E Tests › Complete poem workflow - basic flow (30.1s)


  1) [chromium] › tests/e2e/poem-workflow-comprehensive.spec.ts:19:7 › Poem Workflow - Comprehensive E2E Tests › Complete poem workflow - basic flow 

    [31mTest timeout of 30000ms exceeded.[39m

    Error: page.waitForSelector: Test timeout of 30000ms exceeded.
    Call log:
    [2m  - waiting for locator('text=Styled HTML') to be visible[22m


      49 |     // Stage 5: Export & Publish
      50 |     await page.click('#trigger-export-export-publish');
    > 51 |     await page.waitForSelector('text=Styled HTML', { timeout: 30000 });
         |                ^
      52 |     
      53 |     // Verify all export formats are available
      54 |     const styledHtml = page.locator('text=Styled HTML');
        at /Users/franzenzenhofer/dev/franzai-writer/worktree-firestore-nested-fix/tests/e2e/poem-workflow-comprehensive.spec.ts:51:16

    attachment #1: screenshot (image/png) ──────────────────────────────────────────────────────────
    test-results/poem-workflow-comprehensiv-2dfca--poem-workflow---basic-flow-chromium/test-failed-1.png
    ────────────────────────────────────────────────────────────────────────────────────────────────

    Error Context: test-results/poem-workflow-comprehensiv-2dfca--poem-workflow---basic-flow-chromium/error-context.md

  1 failed
    [chromium] › tests/e2e/poem-workflow-comprehensive.spec.ts:19:7 › Poem Workflow - Comprehensive E2E Tests › Complete poem workflow - basic flow 
